// Jest Snapshot v1, https://goo.gl/fbAQLP

exports[`Unit test Sample 1`] = `
{
  "0": "yo",
  "default": [
    "yo",
  ],
}
`;
